  Determining projects to restore...
  All projects are up-to-date for restore.
C:\Users\USER\Documents\GitHub\ArdysaModsTools\Core\Data\ModConfigurationData.cs(70,20): warning CS8619: Nullability of reference types in value of type 'Dictionary<string, string?>' doesn't match target type 'Dictionary<string, string>'. [C:\Users\USER\Documents\GitHub\ArdysaModsTools\ArdysaModsTools.csproj]
C:\Users\USER\Documents\GitHub\ArdysaModsTools\UI\Forms\MainForm.cs(486,28): warning CS1998: This async method lacks 'await' operators and will run synchronously. Consider using the 'await' operator to await non-blocking API calls, or 'await Task.Run(...)' to do CPU-bound work on a background thread. [C:\Users\USER\Documents\GitHub\ArdysaModsTools\ArdysaModsTools.csproj]
C:\Users\USER\Documents\GitHub\ArdysaModsTools\UI\Controls\ModernSearchBox.cs(34,16): warning CS8618: Non-nullable field 'textBox' must contain a non-null value when exiting constructor. Consider adding the 'required' modifier or declaring the field as nullable. [C:\Users\USER\Documents\GitHub\ArdysaModsTools\ArdysaModsTools.csproj]
C:\Users\USER\Documents\GitHub\ArdysaModsTools\UI\Controls\ModernSearchBox.cs(34,16): warning CS8618: Non-nullable field 'searchIcon' must contain a non-null value when exiting constructor. Consider adding the 'required' modifier or declaring the field as nullable. [C:\Users\USER\Documents\GitHub\ArdysaModsTools\ArdysaModsTools.csproj]
C:\Users\USER\Documents\GitHub\ArdysaModsTools\UI\Controls\ModernSearchBox.cs(34,16): warning CS8618: Non-nullable field 'debounceTimer' must contain a non-null value when exiting constructor. Consider adding the 'required' modifier or declaring the field as nullable. [C:\Users\USER\Documents\GitHub\ArdysaModsTools\ArdysaModsTools.csproj]
C:\Users\USER\Documents\GitHub\ArdysaModsTools\UI\Forms\MainForm.cs(812,92): warning CS8625: Cannot convert null literal to non-nullable reference type. [C:\Users\USER\Documents\GitHub\ArdysaModsTools\ArdysaModsTools.csproj]
C:\Users\USER\Documents\GitHub\ArdysaModsTools\UI\Presenters\SelectHeroPresenter.cs(378,57): warning CS8625: Cannot convert null literal to non-nullable reference type. [C:\Users\USER\Documents\GitHub\ArdysaModsTools\ArdysaModsTools.csproj]
C:\Users\USER\Documents\GitHub\ArdysaModsTools\UI\Presenters\SelectHeroPresenter.cs(391,29): warning CS1998: This async method lacks 'await' operators and will run synchronously. Consider using the 'await' operator to await non-blocking API calls, or 'await Task.Run(...)' to do CPU-bound work on a background thread. [C:\Users\USER\Documents\GitHub\ArdysaModsTools\ArdysaModsTools.csproj]
C:\Users\USER\Documents\GitHub\ArdysaModsTools\Core\Services\Vpk\VpkExtractorService.cs(123,34): warning CS1998: This async method lacks 'await' operators and will run synchronously. Consider using the 'await' operator to await non-blocking API calls, or 'await Task.Run(...)' to do CPU-bound work on a background thread. [C:\Users\USER\Documents\GitHub\ArdysaModsTools\ArdysaModsTools.csproj]
C:\Users\USER\Documents\GitHub\ArdysaModsTools\UI\Presenters\MainFormPresenter.cs(229,77): warning CS1998: This async method lacks 'await' operators and will run synchronously. Consider using the 'await' operator to await non-blocking API calls, or 'await Task.Run(...)' to do CPU-bound work on a background thread. [C:\Users\USER\Documents\GitHub\ArdysaModsTools\ArdysaModsTools.csproj]
C:\Users\USER\Documents\GitHub\ArdysaModsTools\UI\Forms\ProgressOverlay.cs(177,23): warning CS8602: Dereference of a possibly null reference. [C:\Users\USER\Documents\GitHub\ArdysaModsTools\ArdysaModsTools.csproj]
C:\Users\USER\Documents\GitHub\ArdysaModsTools\UI\Presenters\MainFormPresenter.cs(599,28): warning CS1998: This async method lacks 'await' operators and will run synchronously. Consider using the 'await' operator to await non-blocking API calls, or 'await Task.Run(...)' to do CPU-bound work on a background thread. [C:\Users\USER\Documents\GitHub\ArdysaModsTools\ArdysaModsTools.csproj]
C:\Users\USER\Documents\GitHub\ArdysaModsTools\Core\Services\Mods\ModInstallerService.cs(101,17): warning CS8602: Dereference of a possibly null reference. [C:\Users\USER\Documents\GitHub\ArdysaModsTools\ArdysaModsTools.csproj]
C:\Users\USER\Documents\GitHub\ArdysaModsTools\Core\Services\Mods\ModInstallerService.cs(152,17): warning CS8602: Dereference of a possibly null reference. [C:\Users\USER\Documents\GitHub\ArdysaModsTools\ArdysaModsTools.csproj]
C:\Users\USER\Documents\GitHub\ArdysaModsTools\Core\Services\Mods\ModInstallerService.cs(205,17): warning CS8602: Dereference of a possibly null reference. [C:\Users\USER\Documents\GitHub\ArdysaModsTools\ArdysaModsTools.csproj]
C:\Users\USER\Documents\GitHub\ArdysaModsTools\Core\Services\Mods\StatusService.cs(197,44): warning CS1998: This async method lacks 'await' operators and will run synchronously. Consider using the 'await' operator to await non-blocking API calls, or 'await Task.Run(...)' to do CPU-bound work on a background thread. [C:\Users\USER\Documents\GitHub\ArdysaModsTools\ArdysaModsTools.csproj]
C:\Users\USER\Documents\GitHub\ArdysaModsTools\Core\Services\Security\SecureConfig.cs(22,20): warning CS0618: 'EnvironmentConfig.ArchivePassword' is obsolete: 'Archives no longer require passwords' [C:\Users\USER\Documents\GitHub\ArdysaModsTools\ArdysaModsTools.csproj]
C:\Users\USER\Documents\GitHub\ArdysaModsTools\Core\Services\Mods\ModInstallerService.cs(228,29): warning CS8602: Dereference of a possibly null reference. [C:\Users\USER\Documents\GitHub\ArdysaModsTools\ArdysaModsTools.csproj]
C:\Users\USER\Documents\GitHub\ArdysaModsTools\Core\Services\Mods\ModInstallerService.cs(236,47): warning CS8602: Dereference of a possibly null reference. [C:\Users\USER\Documents\GitHub\ArdysaModsTools\ArdysaModsTools.csproj]
C:\Users\USER\Documents\GitHub\ArdysaModsTools\Core\Services\Mods\ModInstallerService.cs(241,17): warning CS8602: Dereference of a possibly null reference. [C:\Users\USER\Documents\GitHub\ArdysaModsTools\ArdysaModsTools.csproj]
C:\Users\USER\Documents\GitHub\ArdysaModsTools\Core\Services\Mods\ModInstallerService.cs(285,17): warning CS8602: Dereference of a possibly null reference. [C:\Users\USER\Documents\GitHub\ArdysaModsTools\ArdysaModsTools.csproj]
C:\Users\USER\Documents\GitHub\ArdysaModsTools\Core\Services\Mods\ModInstallerService.cs(304,13): warning CS8602: Dereference of a possibly null reference. [C:\Users\USER\Documents\GitHub\ArdysaModsTools\ArdysaModsTools.csproj]
C:\Users\USER\Documents\GitHub\ArdysaModsTools\Core\Services\Mods\ModInstallerService.cs(542,13): warning CS8602: Dereference of a possibly null reference. [C:\Users\USER\Documents\GitHub\ArdysaModsTools\ArdysaModsTools.csproj]
C:\Users\USER\Documents\GitHub\ArdysaModsTools\Core\Services\Mods\ModInstallerService.cs(641,13): warning CS8602: Dereference of a possibly null reference. [C:\Users\USER\Documents\GitHub\ArdysaModsTools\ArdysaModsTools.csproj]
C:\Users\USER\Documents\GitHub\ArdysaModsTools\Core\Services\Mods\ModInstallerService.cs(814,13): warning CS8602: Dereference of a possibly null reference. [C:\Users\USER\Documents\GitHub\ArdysaModsTools\ArdysaModsTools.csproj]
C:\Users\USER\Documents\GitHub\ArdysaModsTools\Core\Services\Security\AntiDebug.cs(55,32): warning CS0169: The field 'AntiDebug._onDebuggerDetected' is never used [C:\Users\USER\Documents\GitHub\ArdysaModsTools\ArdysaModsTools.csproj]
C:\Users\USER\Documents\GitHub\ArdysaModsTools\Core\Services\Misc\RemoteMiscConfigService.cs(21,29): warning CS0414: The field 'RemoteMiscConfigService._isLoaded' is assigned but its value is never used [C:\Users\USER\Documents\GitHub\ArdysaModsTools\ArdysaModsTools.csproj]
  ArdysaModsTools -> C:\Users\USER\Documents\GitHub\ArdysaModsTools\bin\Debug\net8.0-windows\win-x64\ArdysaModsTools.dll

Build succeeded.

C:\Users\USER\Documents\GitHub\ArdysaModsTools\Core\Data\ModConfigurationData.cs(70,20): warning CS8619: Nullability of reference types in value of type 'Dictionary<string, string?>' doesn't match target type 'Dictionary<string, string>'. [C:\Users\USER\Documents\GitHub\ArdysaModsTools\ArdysaModsTools.csproj]
C:\Users\USER\Documents\GitHub\ArdysaModsTools\UI\Forms\MainForm.cs(486,28): warning CS1998: This async method lacks 'await' operators and will run synchronously. Consider using the 'await' operator to await non-blocking API calls, or 'await Task.Run(...)' to do CPU-bound work on a background thread. [C:\Users\USER\Documents\GitHub\ArdysaModsTools\ArdysaModsTools.csproj]
C:\Users\USER\Documents\GitHub\ArdysaModsTools\UI\Controls\ModernSearchBox.cs(34,16): warning CS8618: Non-nullable field 'textBox' must contain a non-null value when exiting constructor. Consider adding the 'required' modifier or declaring the field as nullable. [C:\Users\USER\Documents\GitHub\ArdysaModsTools\ArdysaModsTools.csproj]
C:\Users\USER\Documents\GitHub\ArdysaModsTools\UI\Controls\ModernSearchBox.cs(34,16): warning CS8618: Non-nullable field 'searchIcon' must contain a non-null value when exiting constructor. Consider adding the 'required' modifier or declaring the field as nullable. [C:\Users\USER\Documents\GitHub\ArdysaModsTools\ArdysaModsTools.csproj]
C:\Users\USER\Documents\GitHub\ArdysaModsTools\UI\Controls\ModernSearchBox.cs(34,16): warning CS8618: Non-nullable field 'debounceTimer' must contain a non-null value when exiting constructor. Consider adding the 'required' modifier or declaring the field as nullable. [C:\Users\USER\Documents\GitHub\ArdysaModsTools\ArdysaModsTools.csproj]
C:\Users\USER\Documents\GitHub\ArdysaModsTools\UI\Forms\MainForm.cs(812,92): warning CS8625: Cannot convert null literal to non-nullable reference type. [C:\Users\USER\Documents\GitHub\ArdysaModsTools\ArdysaModsTools.csproj]
C:\Users\USER\Documents\GitHub\ArdysaModsTools\UI\Presenters\SelectHeroPresenter.cs(378,57): warning CS8625: Cannot convert null literal to non-nullable reference type. [C:\Users\USER\Documents\GitHub\ArdysaModsTools\ArdysaModsTools.csproj]
C:\Users\USER\Documents\GitHub\ArdysaModsTools\UI\Presenters\SelectHeroPresenter.cs(391,29): warning CS1998: This async method lacks 'await' operators and will run synchronously. Consider using the 'await' operator to await non-blocking API calls, or 'await Task.Run(...)' to do CPU-bound work on a background thread. [C:\Users\USER\Documents\GitHub\ArdysaModsTools\ArdysaModsTools.csproj]
C:\Users\USER\Documents\GitHub\ArdysaModsTools\Core\Services\Vpk\VpkExtractorService.cs(123,34): warning CS1998: This async method lacks 'await' operators and will run synchronously. Consider using the 'await' operator to await non-blocking API calls, or 'await Task.Run(...)' to do CPU-bound work on a background thread. [C:\Users\USER\Documents\GitHub\ArdysaModsTools\ArdysaModsTools.csproj]
C:\Users\USER\Documents\GitHub\ArdysaModsTools\UI\Presenters\MainFormPresenter.cs(229,77): warning CS1998: This async method lacks 'await' operators and will run synchronously. Consider using the 'await' operator to await non-blocking API calls, or 'await Task.Run(...)' to do CPU-bound work on a background thread. [C:\Users\USER\Documents\GitHub\ArdysaModsTools\ArdysaModsTools.csproj]
C:\Users\USER\Documents\GitHub\ArdysaModsTools\UI\Forms\ProgressOverlay.cs(177,23): warning CS8602: Dereference of a possibly null reference. [C:\Users\USER\Documents\GitHub\ArdysaModsTools\ArdysaModsTools.csproj]
C:\Users\USER\Documents\GitHub\ArdysaModsTools\UI\Presenters\MainFormPresenter.cs(599,28): warning CS1998: This async method lacks 'await' operators and will run synchronously. Consider using the 'await' operator to await non-blocking API calls, or 'await Task.Run(...)' to do CPU-bound work on a background thread. [C:\Users\USER\Documents\GitHub\ArdysaModsTools\ArdysaModsTools.csproj]
C:\Users\USER\Documents\GitHub\ArdysaModsTools\Core\Services\Mods\ModInstallerService.cs(101,17): warning CS8602: Dereference of a possibly null reference. [C:\Users\USER\Documents\GitHub\ArdysaModsTools\ArdysaModsTools.csproj]
C:\Users\USER\Documents\GitHub\ArdysaModsTools\Core\Services\Mods\ModInstallerService.cs(152,17): warning CS8602: Dereference of a possibly null reference. [C:\Users\USER\Documents\GitHub\ArdysaModsTools\ArdysaModsTools.csproj]
C:\Users\USER\Documents\GitHub\ArdysaModsTools\Core\Services\Mods\ModInstallerService.cs(205,17): warning CS8602: Dereference of a possibly null reference. [C:\Users\USER\Documents\GitHub\ArdysaModsTools\ArdysaModsTools.csproj]
C:\Users\USER\Documents\GitHub\ArdysaModsTools\Core\Services\Mods\StatusService.cs(197,44): warning CS1998: This async method lacks 'await' operators and will run synchronously. Consider using the 'await' operator to await non-blocking API calls, or 'await Task.Run(...)' to do CPU-bound work on a background thread. [C:\Users\USER\Documents\GitHub\ArdysaModsTools\ArdysaModsTools.csproj]
C:\Users\USER\Documents\GitHub\ArdysaModsTools\Core\Services\Security\SecureConfig.cs(22,20): warning CS0618: 'EnvironmentConfig.ArchivePassword' is obsolete: 'Archives no longer require passwords' [C:\Users\USER\Documents\GitHub\ArdysaModsTools\ArdysaModsTools.csproj]
C:\Users\USER\Documents\GitHub\ArdysaModsTools\Core\Services\Mods\ModInstallerService.cs(228,29): warning CS8602: Dereference of a possibly null reference. [C:\Users\USER\Documents\GitHub\ArdysaModsTools\ArdysaModsTools.csproj]
C:\Users\USER\Documents\GitHub\ArdysaModsTools\Core\Services\Mods\ModInstallerService.cs(236,47): warning CS8602: Dereference of a possibly null reference. [C:\Users\USER\Documents\GitHub\ArdysaModsTools\ArdysaModsTools.csproj]
C:\Users\USER\Documents\GitHub\ArdysaModsTools\Core\Services\Mods\ModInstallerService.cs(241,17): warning CS8602: Dereference of a possibly null reference. [C:\Users\USER\Documents\GitHub\ArdysaModsTools\ArdysaModsTools.csproj]
C:\Users\USER\Documents\GitHub\ArdysaModsTools\Core\Services\Mods\ModInstallerService.cs(285,17): warning CS8602: Dereference of a possibly null reference. [C:\Users\USER\Documents\GitHub\ArdysaModsTools\ArdysaModsTools.csproj]
C:\Users\USER\Documents\GitHub\ArdysaModsTools\Core\Services\Mods\ModInstallerService.cs(304,13): warning CS8602: Dereference of a possibly null reference. [C:\Users\USER\Documents\GitHub\ArdysaModsTools\ArdysaModsTools.csproj]
C:\Users\USER\Documents\GitHub\ArdysaModsTools\Core\Services\Mods\ModInstallerService.cs(542,13): warning CS8602: Dereference of a possibly null reference. [C:\Users\USER\Documents\GitHub\ArdysaModsTools\ArdysaModsTools.csproj]
C:\Users\USER\Documents\GitHub\ArdysaModsTools\Core\Services\Mods\ModInstallerService.cs(641,13): warning CS8602: Dereference of a possibly null reference. [C:\Users\USER\Documents\GitHub\ArdysaModsTools\ArdysaModsTools.csproj]
C:\Users\USER\Documents\GitHub\ArdysaModsTools\Core\Services\Mods\ModInstallerService.cs(814,13): warning CS8602: Dereference of a possibly null reference. [C:\Users\USER\Documents\GitHub\ArdysaModsTools\ArdysaModsTools.csproj]
C:\Users\USER\Documents\GitHub\ArdysaModsTools\Core\Services\Security\AntiDebug.cs(55,32): warning CS0169: The field 'AntiDebug._onDebuggerDetected' is never used [C:\Users\USER\Documents\GitHub\ArdysaModsTools\ArdysaModsTools.csproj]
C:\Users\USER\Documents\GitHub\ArdysaModsTools\Core\Services\Misc\RemoteMiscConfigService.cs(21,29): warning CS0414: The field 'RemoteMiscConfigService._isLoaded' is assigned but its value is never used [C:\Users\USER\Documents\GitHub\ArdysaModsTools\ArdysaModsTools.csproj]
    27 Warning(s)
    0 Error(s)

Time Elapsed 00:00:01.77
